Archive member included because of file (symbol)

c:/eclipse_ide/winavr-20100110/bin/../lib/gcc/avr/4.3.3/avr4\libgcc.a(_udivmodhi4.o)
                              ./serial.o (__udivmodhi4)
c:/eclipse_ide/winavr-20100110/bin/../lib/gcc/avr/4.3.3/avr4\libgcc.a(_exit.o)
                              c:/eclipse_ide/winavr-20100110/bin/../lib/gcc/avr/4.3.3/../../../../avr/lib/avr4/crtm8.o (exit)
c:/eclipse_ide/winavr-20100110/bin/../lib/gcc/avr/4.3.3/avr4\libgcc.a(_copy_data.o)
                              ./serial.o (__do_copy_data)
c:/eclipse_ide/winavr-20100110/bin/../lib/gcc/avr/4.3.3/avr4\libgcc.a(_clear_bss.o)
                              ./serial.o (__do_clear_bss)

Discarded input sections

 .data          0x00000000        0x0 c:/eclipse_ide/winavr-20100110/bin/../lib/gcc/avr/4.3.3/../../../../avr/lib/avr4/crtm8.o
 .bss           0x00000000        0x0 c:/eclipse_ide/winavr-20100110/bin/../lib/gcc/avr/4.3.3/../../../../avr/lib/avr4/crtm8.o
 .text          0x00000000        0x0 ./atmega.o
 .data          0x00000000        0x0 ./atmega.o
 .bss           0x00000000        0x0 ./atmega.o
 .text          0x00000000        0x0 ./main.o
 .data          0x00000000        0x0 ./main.o
 .bss           0x00000000        0x0 ./main.o
 .text          0x00000000        0x0 ./mcp2515.o
 .data          0x00000000        0x0 ./mcp2515.o
 .bss           0x00000000        0x0 ./mcp2515.o
 .text.mcp2515_readRX
                0x00000000        0x0 ./mcp2515.o
 .text.mcp2515_rts
                0x00000000        0x0 ./mcp2515.o
 .text.mcp2515_reset
                0x00000000        0x0 ./mcp2515.o
 .text.mcp2515_sendMSG
                0x00000000        0x0 ./mcp2515.o
 .text.mcp2515_loadMSG
                0x00000000        0x0 ./mcp2515.o
 .text.mcp2515_readMSG
                0x00000000        0x0 ./mcp2515.o
 .text.mcp2515_simpleReadMSG
                0x00000000        0x0 ./mcp2515.o
 .text.mcp2515_setupRX
                0x00000000        0x0 ./mcp2515.o
 .text.mcp2515_readStatus
                0x00000000        0x0 ./mcp2515.o
 .text.mcp2515_setupTX
                0x00000000        0x0 ./mcp2515.o
 .text.mcp2515_simpleLoadMSG
                0x00000000        0x0 ./mcp2515.o
 .text.mcp2515_setMode
                0x00000000        0x0 ./mcp2515.o
 .text.mcp2515_simpleStartup
                0x00000000        0x0 ./mcp2515.o
 .text.mcp2515_errStatus
                0x00000000        0x0 ./mcp2515.o
 .text.mcp2515_intStatus
                0x00000000        0x0 ./mcp2515.o
 .text          0x00000000        0x0 ./serial.o
 .data          0x00000000        0x0 ./serial.o
 .bss           0x00000000        0x0 ./serial.o
 .text._Z15serialAvailablev
                0x00000000        0x0 ./serial.o
 .text._Z10serialInithj
                0x00000000        0x0 ./serial.o
 .text._Z11serialCloseh
                0x00000000        0x0 ./serial.o
 .text._Z13serialHasCharh
                0x00000000        0x0 ./serial.o
 .text._Z9serialGeth
                0x00000000        0x0 ./serial.o
 .text._Z17serialGetBlockingh
                0x00000000        0x0 ./serial.o
 .text._Z19serialRxBufferEmptyh
                0x00000000        0x0 ./serial.o
 .text._Z18serialTxBufferFullh
                0x00000000        0x0 ./serial.o
 .text._Z11serialWritehh
                0x00000000        0x0 ./serial.o
 .text._Z17serialWriteStringhPKc
                0x00000000        0x0 ./serial.o
 .text._Z16serialWriteInt16hj
                0x00000000        0x0 ./serial.o
 .text._Z19serialTxBufferEmptyh
                0x00000000        0x0 ./serial.o
 .text          0x00000000        0x0 ./spi.o
 .data          0x00000000        0x0 ./spi.o
 .bss           0x00000000        0x0 ./spi.o
 .text._Z11disable_spiv
                0x00000000        0x0 ./spi.o
 .text._Z17received_from_spih
                0x00000000        0x0 ./spi.o
 .text          0x00000000        0x0 c:/eclipse_ide/winavr-20100110/bin/../lib/gcc/avr/4.3.3/avr4\libgcc.a(_udivmodhi4.o)
 .data          0x00000000        0x0 c:/eclipse_ide/winavr-20100110/bin/../lib/gcc/avr/4.3.3/avr4\libgcc.a(_udivmodhi4.o)
 .bss           0x00000000        0x0 c:/eclipse_ide/winavr-20100110/bin/../lib/gcc/avr/4.3.3/avr4\libgcc.a(_udivmodhi4.o)
 .text.libgcc   0x00000000        0x0 c:/eclipse_ide/winavr-20100110/bin/../lib/gcc/avr/4.3.3/avr4\libgcc.a(_udivmodhi4.o)
 .text          0x00000000        0x0 c:/eclipse_ide/winavr-20100110/bin/../lib/gcc/avr/4.3.3/avr4\libgcc.a(_exit.o)
 .data          0x00000000        0x0 c:/eclipse_ide/winavr-20100110/bin/../lib/gcc/avr/4.3.3/avr4\libgcc.a(_exit.o)
 .bss           0x00000000        0x0 c:/eclipse_ide/winavr-20100110/bin/../lib/gcc/avr/4.3.3/avr4\libgcc.a(_exit.o)
 .text.libgcc   0x00000000        0x0 c:/eclipse_ide/winavr-20100110/bin/../lib/gcc/avr/4.3.3/avr4\libgcc.a(_exit.o)
 .text          0x00000000        0x0 c:/eclipse_ide/winavr-20100110/bin/../lib/gcc/avr/4.3.3/avr4\libgcc.a(_copy_data.o)
 .data          0x00000000        0x0 c:/eclipse_ide/winavr-20100110/bin/../lib/gcc/avr/4.3.3/avr4\libgcc.a(_copy_data.o)
 .bss           0x00000000        0x0 c:/eclipse_ide/winavr-20100110/bin/../lib/gcc/avr/4.3.3/avr4\libgcc.a(_copy_data.o)
 .text.libgcc   0x00000000        0x0 c:/eclipse_ide/winavr-20100110/bin/../lib/gcc/avr/4.3.3/avr4\libgcc.a(_copy_data.o)
 .text          0x00000000        0x0 c:/eclipse_ide/winavr-20100110/bin/../lib/gcc/avr/4.3.3/avr4\libgcc.a(_clear_bss.o)
 .data          0x00000000        0x0 c:/eclipse_ide/winavr-20100110/bin/../lib/gcc/avr/4.3.3/avr4\libgcc.a(_clear_bss.o)
 .bss           0x00000000        0x0 c:/eclipse_ide/winavr-20100110/bin/../lib/gcc/avr/4.3.3/avr4\libgcc.a(_clear_bss.o)
 .text.libgcc   0x00000000        0x0 c:/eclipse_ide/winavr-20100110/bin/../lib/gcc/avr/4.3.3/avr4\libgcc.a(_clear_bss.o)

Memory Configuration

Name             Origin             Length             Attributes
text             0x00000000         0x00002000         xr
data             0x00800060         0x0000ffa0         rw !x
eeprom           0x00810000         0x00010000         rw !x
fuse             0x00820000         0x00000400         rw !x
lock             0x00830000         0x00000400         rw !x
signature        0x00840000         0x00000400         rw !x
*default*        0x00000000         0xffffffff

Linker script and memory map

LOAD c:/eclipse_ide/winavr-20100110/bin/../lib/gcc/avr/4.3.3/../../../../avr/lib/avr4/crtm8.o
LOAD ./atmega.o
LOAD ./main.o
LOAD ./mcp2515.o
LOAD ./serial.o
LOAD ./spi.o
LOAD c:/eclipse_ide/winavr-20100110/bin/../lib/gcc/avr/4.3.3/avr4\libgcc.a
LOAD c:/eclipse_ide/winavr-20100110/bin/../lib/gcc/avr/4.3.3/../../../../avr/lib/avr4\libm.a
LOAD c:/eclipse_ide/winavr-20100110/bin/../lib/gcc/avr/4.3.3/avr4\libgcc.a
LOAD c:/eclipse_ide/winavr-20100110/bin/../lib/gcc/avr/4.3.3/../../../../avr/lib/avr4\libc.a
LOAD c:/eclipse_ide/winavr-20100110/bin/../lib/gcc/avr/4.3.3/avr4\libgcc.a

.hash
 *(.hash)

.dynsym
 *(.dynsym)

.dynstr
 *(.dynstr)

.gnu.version
 *(.gnu.version)

.gnu.version_d
 *(.gnu.version_d)

.gnu.version_r
 *(.gnu.version_r)

.rel.init
 *(.rel.init)

.rela.init
 *(.rela.init)

.rel.text
 *(.rel.text)
 *(.rel.text.*)
 *(.rel.gnu.linkonce.t*)

.rela.text
 *(.rela.text)
 *(.rela.text.*)
 *(.rela.gnu.linkonce.t*)

.rel.fini
 *(.rel.fini)

.rela.fini
 *(.rela.fini)

.rel.rodata
 *(.rel.rodata)
 *(.rel.rodata.*)
 *(.rel.gnu.linkonce.r*)

.rela.rodata
 *(.rela.rodata)
 *(.rela.rodata.*)
 *(.rela.gnu.linkonce.r*)

.rel.data
 *(.rel.data)
 *(.rel.data.*)
 *(.rel.gnu.linkonce.d*)

.rela.data
 *(.rela.data)
 *(.rela.data.*)
 *(.rela.gnu.linkonce.d*)

.rel.ctors
 *(.rel.ctors)

.rela.ctors
 *(.rela.ctors)

.rel.dtors
 *(.rel.dtors)

.rela.dtors
 *(.rela.dtors)

.rel.got
 *(.rel.got)

.rela.got
 *(.rela.got)

.rel.bss
 *(.rel.bss)

.rela.bss
 *(.rela.bss)

.rel.plt
 *(.rel.plt)

.rela.plt
 *(.rela.plt)

.text           0x00000000      0x344
 *(.vectors)
 .vectors       0x00000000       0x26 c:/eclipse_ide/winavr-20100110/bin/../lib/gcc/avr/4.3.3/../../../../avr/lib/avr4/crtm8.o
                0x00000000                __vectors
                0x00000000                __vector_default
 *(.vectors)
 *(.progmem.gcc*)
 *(.progmem*)
                0x00000026                . = ALIGN (0x2)
                0x00000026                __trampolines_start = .
 *(.trampolines)
 .trampolines   0x00000026        0x0 linker stubs
 *(.trampolines*)
                0x00000026                __trampolines_end = .
 *(.jumptables)
 *(.jumptables*)
 *(.lowtext)
 *(.lowtext*)
                0x00000026                __ctors_start = .
 *(.ctors)
                0x00000026                __ctors_end = .
                0x00000026                __dtors_start = .
 *(.dtors)
                0x00000026                __dtors_end = .
 SORT(*)(.ctors)
 SORT(*)(.dtors)
 *(.init0)
 .init0         0x00000026        0x0 c:/eclipse_ide/winavr-20100110/bin/../lib/gcc/avr/4.3.3/../../../../avr/lib/avr4/crtm8.o
                0x00000026                __init
 *(.init0)
 *(.init1)
 *(.init1)
 *(.init2)
 .init2         0x00000026        0xc c:/eclipse_ide/winavr-20100110/bin/../lib/gcc/avr/4.3.3/../../../../avr/lib/avr4/crtm8.o
 *(.init2)
 *(.init3)
 *(.init3)
 *(.init4)
 .init4         0x00000032       0x16 c:/eclipse_ide/winavr-20100110/bin/../lib/gcc/avr/4.3.3/avr4\libgcc.a(_copy_data.o)
                0x00000032                __do_copy_data
 .init4         0x00000048       0x10 c:/eclipse_ide/winavr-20100110/bin/../lib/gcc/avr/4.3.3/avr4\libgcc.a(_clear_bss.o)
                0x00000048                __do_clear_bss
 *(.init4)
 *(.init5)
 *(.init5)
 *(.init6)
 *(.init6)
 *(.init7)
 *(.init7)
 *(.init8)
 *(.init8)
 *(.init9)
 .init9         0x00000058        0x4 c:/eclipse_ide/winavr-20100110/bin/../lib/gcc/avr/4.3.3/../../../../avr/lib/avr4/crtm8.o
 *(.init9)
 *(.text)
 .text          0x0000005c        0x2 c:/eclipse_ide/winavr-20100110/bin/../lib/gcc/avr/4.3.3/../../../../avr/lib/avr4/crtm8.o
                0x0000005c                __vector_1
                0x0000005c                __bad_interrupt
                0x0000005c                __vector_6
                0x0000005c                __vector_3
                0x0000005c                __vector_13
                0x0000005c                __vector_17
                0x0000005c                __vector_7
                0x0000005c                __vector_5
                0x0000005c                __vector_4
                0x0000005c                __vector_9
                0x0000005c                __vector_2
                0x0000005c                __vector_15
                0x0000005c                __vector_8
                0x0000005c                __vector_14
                0x0000005c                __vector_10
                0x0000005c                __vector_16
                0x0000005c                __vector_18
                0x0000005e                . = ALIGN (0x2)
 *(.text.*)
 .text.main     0x0000005e       0x2a ./main.o
                0x0000005e                main
 .text.internal_spiChipSelect
                0x00000088        0xe ./mcp2515.o
 .text.mcp2515_bitModify
                0x00000096       0x2c ./mcp2515.o
                0x00000096                mcp2515_bitModify
 .text.mcp2515_writeRegister
                0x000000c2       0x22 ./mcp2515.o
                0x000000c2                mcp2515_writeRegister
 .text.mcp2515_readRegister
                0x000000e4       0x20 ./mcp2515.o
                0x000000e4                mcp2515_readRegister
 .text.mcp2515_setBitTiming
                0x00000104       0x38 ./mcp2515.o
                0x00000104                mcp2515_setBitTiming
 .text.mcp2515_setCanSpeed
                0x0000013c       0x32 ./mcp2515.o
                0x0000013c                mcp2515_setCanSpeed
 .text._Z18serialRxBufferFullh
                0x0000016e       0x44 ./serial.o
                0x0000016e                serialRxBufferFull(unsigned char)
 .text.__vector_11
                0x000001b2       0x84 ./serial.o
                0x000001b2                __vector_11
 .text.__vector_12
                0x00000236       0x84 ./serial.o
                0x00000236                __vector_12
 .text._Z9setup_spihiih
                0x000002ba       0x7c ./spi.o
                0x000002ba                setup_spi(unsigned char, int, int, unsigned char)
 .text._Z8send_spih
                0x00000336        0xa ./spi.o
                0x00000336                send_spi(unsigned char)
                0x00000340                . = ALIGN (0x2)
 *(.fini9)
 .fini9         0x00000340        0x0 c:/eclipse_ide/winavr-20100110/bin/../lib/gcc/avr/4.3.3/avr4\libgcc.a(_exit.o)
                0x00000340                exit
                0x00000340                _exit
 *(.fini9)
 *(.fini8)
 *(.fini8)
 *(.fini7)
 *(.fini7)
 *(.fini6)
 *(.fini6)
 *(.fini5)
 *(.fini5)
 *(.fini4)
 *(.fini4)
 *(.fini3)
 *(.fini3)
 *(.fini2)
 *(.fini2)
 *(.fini1)
 *(.fini1)
 *(.fini0)
 .fini0         0x00000340        0x4 c:/eclipse_ide/winavr-20100110/bin/../lib/gcc/avr/4.3.3/avr4\libgcc.a(_exit.o)
 *(.fini0)
                0x00000344                _etext = .

.data           0x00800060        0x0 load address 0x00000344
                0x00800060                PROVIDE (__data_start, .)
 *(.data)
 *(.data*)
 *(.rodata)
 *(.rodata*)
 *(.gnu.linkonce.d*)
                0x00800060                . = ALIGN (0x2)
                0x00800060                _edata = .
                0x00800060                PROVIDE (__data_end, .)

.bss            0x00800060       0x39
                0x00800060                PROVIDE (__bss_start, .)
 *(.bss)
 *(.bss*)
 .bss._ZL6txRead
                0x00800060        0x2 ./serial.o
 .bss._ZL7txWrite
                0x00800062        0x2 ./serial.o
 .bss._ZL8txBuffer
                0x00800064       0x10 ./serial.o
 .bss._ZL23shouldStartTransmission
                0x00800074        0x1 ./serial.o
 .bss._ZL7rxWrite
                0x00800075        0x2 ./serial.o
 .bss._ZL8rxBuffer
                0x00800077       0x20 ./serial.o
 .bss._ZL6rxRead
                0x00800097        0x2 ./serial.o
 *(COMMON)
                0x00800099                PROVIDE (__bss_end, .)
                0x00000344                __data_load_start = LOADADDR (.data)
                0x00000344                __data_load_end = (__data_load_start + SIZEOF (.data))

.noinit         0x00800099        0x0
                0x00800099                PROVIDE (__noinit_start, .)
 *(.noinit*)
                0x00800099                PROVIDE (__noinit_end, .)
                0x00800099                _end = .
                0x00800099                PROVIDE (__heap_start, .)

.eeprom         0x00810000        0x0
 *(.eeprom*)
                0x00810000                __eeprom_end = .

.fuse
 *(.fuse)
 *(.lfuse)
 *(.hfuse)
 *(.efuse)

.lock
 *(.lock*)

.signature
 *(.signature*)

.stab
 *(.stab)

.stabstr
 *(.stabstr)

.stab.excl
 *(.stab.excl)

.stab.exclstr
 *(.stab.exclstr)

.stab.index
 *(.stab.index)

.stab.indexstr
 *(.stab.indexstr)

.comment
 *(.comment)

.debug
 *(.debug)

.line
 *(.line)

.debug_srcinfo
 *(.debug_srcinfo)

.debug_sfnames
 *(.debug_sfnames)

.debug_aranges
 *(.debug_aranges)

.debug_pubnames
 *(.debug_pubnames)

.debug_info
 *(.debug_info)
 *(.gnu.linkonce.wi.*)

.debug_abbrev
 *(.debug_abbrev)

.debug_line
 *(.debug_line)

.debug_frame
 *(.debug_frame)

.debug_str
 *(.debug_str)

.debug_loc
 *(.debug_loc)

.debug_macinfo
 *(.debug_macinfo)
OUTPUT(CanHacker.elf elf32-avr)
LOAD linker stubs

Cross Reference Table

Symbol                                            File
__bad_interrupt                                   c:/eclipse_ide/winavr-20100110/bin/../lib/gcc/avr/4.3.3/../../../../avr/lib/avr4/crtm8.o
__bss_end                                         c:/eclipse_ide/winavr-20100110/bin/../lib/gcc/avr/4.3.3/avr4\libgcc.a(_clear_bss.o)
__bss_start                                       c:/eclipse_ide/winavr-20100110/bin/../lib/gcc/avr/4.3.3/avr4\libgcc.a(_clear_bss.o)
__data_end                                        c:/eclipse_ide/winavr-20100110/bin/../lib/gcc/avr/4.3.3/avr4\libgcc.a(_copy_data.o)
__data_load_start                                 c:/eclipse_ide/winavr-20100110/bin/../lib/gcc/avr/4.3.3/avr4\libgcc.a(_copy_data.o)
__data_start                                      c:/eclipse_ide/winavr-20100110/bin/../lib/gcc/avr/4.3.3/avr4\libgcc.a(_copy_data.o)
__do_clear_bss                                    c:/eclipse_ide/winavr-20100110/bin/../lib/gcc/avr/4.3.3/avr4\libgcc.a(_clear_bss.o)
                                                  ./serial.o
__do_copy_data                                    c:/eclipse_ide/winavr-20100110/bin/../lib/gcc/avr/4.3.3/avr4\libgcc.a(_copy_data.o)
                                                  ./serial.o
__heap_end                                        c:/eclipse_ide/winavr-20100110/bin/../lib/gcc/avr/4.3.3/../../../../avr/lib/avr4/crtm8.o
__init                                            c:/eclipse_ide/winavr-20100110/bin/../lib/gcc/avr/4.3.3/../../../../avr/lib/avr4/crtm8.o
__stack                                           c:/eclipse_ide/winavr-20100110/bin/../lib/gcc/avr/4.3.3/../../../../avr/lib/avr4/crtm8.o
__udivmodhi4                                      c:/eclipse_ide/winavr-20100110/bin/../lib/gcc/avr/4.3.3/avr4\libgcc.a(_udivmodhi4.o)
                                                  ./serial.o
__vector_1                                        c:/eclipse_ide/winavr-20100110/bin/../lib/gcc/avr/4.3.3/../../../../avr/lib/avr4/crtm8.o
__vector_10                                       c:/eclipse_ide/winavr-20100110/bin/../lib/gcc/avr/4.3.3/../../../../avr/lib/avr4/crtm8.o
__vector_11                                       ./serial.o
                                                  c:/eclipse_ide/winavr-20100110/bin/../lib/gcc/avr/4.3.3/../../../../avr/lib/avr4/crtm8.o
__vector_12                                       ./serial.o
                                                  c:/eclipse_ide/winavr-20100110/bin/../lib/gcc/avr/4.3.3/../../../../avr/lib/avr4/crtm8.o
__vector_13                                       c:/eclipse_ide/winavr-20100110/bin/../lib/gcc/avr/4.3.3/../../../../avr/lib/avr4/crtm8.o
__vector_14                                       c:/eclipse_ide/winavr-20100110/bin/../lib/gcc/avr/4.3.3/../../../../avr/lib/avr4/crtm8.o
__vector_15                                       c:/eclipse_ide/winavr-20100110/bin/../lib/gcc/avr/4.3.3/../../../../avr/lib/avr4/crtm8.o
__vector_16                                       c:/eclipse_ide/winavr-20100110/bin/../lib/gcc/avr/4.3.3/../../../../avr/lib/avr4/crtm8.o
__vector_17                                       c:/eclipse_ide/winavr-20100110/bin/../lib/gcc/avr/4.3.3/../../../../avr/lib/avr4/crtm8.o
__vector_18                                       c:/eclipse_ide/winavr-20100110/bin/../lib/gcc/avr/4.3.3/../../../../avr/lib/avr4/crtm8.o
__vector_2                                        c:/eclipse_ide/winavr-20100110/bin/../lib/gcc/avr/4.3.3/../../../../avr/lib/avr4/crtm8.o
__vector_3                                        c:/eclipse_ide/winavr-20100110/bin/../lib/gcc/avr/4.3.3/../../../../avr/lib/avr4/crtm8.o
__vector_4                                        c:/eclipse_ide/winavr-20100110/bin/../lib/gcc/avr/4.3.3/../../../../avr/lib/avr4/crtm8.o
__vector_5                                        c:/eclipse_ide/winavr-20100110/bin/../lib/gcc/avr/4.3.3/../../../../avr/lib/avr4/crtm8.o
__vector_6                                        c:/eclipse_ide/winavr-20100110/bin/../lib/gcc/avr/4.3.3/../../../../avr/lib/avr4/crtm8.o
__vector_7                                        c:/eclipse_ide/winavr-20100110/bin/../lib/gcc/avr/4.3.3/../../../../avr/lib/avr4/crtm8.o
__vector_8                                        c:/eclipse_ide/winavr-20100110/bin/../lib/gcc/avr/4.3.3/../../../../avr/lib/avr4/crtm8.o
__vector_9                                        c:/eclipse_ide/winavr-20100110/bin/../lib/gcc/avr/4.3.3/../../../../avr/lib/avr4/crtm8.o
__vector_default                                  c:/eclipse_ide/winavr-20100110/bin/../lib/gcc/avr/4.3.3/../../../../avr/lib/avr4/crtm8.o
__vectors                                         c:/eclipse_ide/winavr-20100110/bin/../lib/gcc/avr/4.3.3/../../../../avr/lib/avr4/crtm8.o
_exit                                             c:/eclipse_ide/winavr-20100110/bin/../lib/gcc/avr/4.3.3/avr4\libgcc.a(_exit.o)
disable_spi()                                     ./spi.o
exit                                              c:/eclipse_ide/winavr-20100110/bin/../lib/gcc/avr/4.3.3/avr4\libgcc.a(_exit.o)
                                                  c:/eclipse_ide/winavr-20100110/bin/../lib/gcc/avr/4.3.3/../../../../avr/lib/avr4/crtm8.o
main                                              ./main.o
                                                  c:/eclipse_ide/winavr-20100110/bin/../lib/gcc/avr/4.3.3/../../../../avr/lib/avr4/crtm8.o
mcp2515_bitModify                                 ./mcp2515.o
mcp2515_errStatus                                 ./mcp2515.o
mcp2515_intStatus                                 ./mcp2515.o
mcp2515_loadMSG                                   ./mcp2515.o
mcp2515_readMSG                                   ./mcp2515.o
mcp2515_readRX                                    ./mcp2515.o
mcp2515_readRegister                              ./mcp2515.o
mcp2515_readStatus                                ./mcp2515.o
mcp2515_reset                                     ./mcp2515.o
mcp2515_rts                                       ./mcp2515.o
mcp2515_sendMSG                                   ./mcp2515.o
mcp2515_setBitTiming                              ./mcp2515.o
mcp2515_setCanSpeed                               ./mcp2515.o
                                                  ./main.o
mcp2515_setMode                                   ./mcp2515.o
mcp2515_setupRX                                   ./mcp2515.o
mcp2515_setupTX                                   ./mcp2515.o
mcp2515_simpleLoadMSG                             ./mcp2515.o
mcp2515_simpleReadMSG                             ./mcp2515.o
mcp2515_simpleStartup                             ./mcp2515.o
mcp2515_writeRegister                             ./mcp2515.o
received_from_spi(unsigned char)                  ./spi.o
send_spi(unsigned char)                           ./spi.o
                                                  ./mcp2515.o
                                                  ./main.o
serialAvailable()                                 ./serial.o
serialClose(unsigned char)                        ./serial.o
serialGet(unsigned char)                          ./serial.o
serialGetBlocking(unsigned char)                  ./serial.o
serialHasChar(unsigned char)                      ./serial.o
serialInit(unsigned char, unsigned int)           ./serial.o
serialRxBufferEmpty(unsigned char)                ./serial.o
serialRxBufferFull(unsigned char)                 ./serial.o
serialTxBufferEmpty(unsigned char)                ./serial.o
serialTxBufferFull(unsigned char)                 ./serial.o
serialWrite(unsigned char, unsigned char)         ./serial.o
serialWriteInt16(unsigned char, unsigned int)     ./serial.o
serialWriteString(unsigned char, char const*)     ./serial.o
setup_spi(unsigned char, int, int, unsigned char) ./spi.o
                                                  ./main.o
