Archive member included because of file (symbol)

e:/ideavr/winavr-20100110/bin/../lib/gcc/avr/4.3.3/avr4\libgcc.a(_exit.o)
                              e:/ideavr/winavr-20100110/bin/../lib/gcc/avr/4.3.3/../../../../avr/lib/avr4/crtm8.o (exit)

Discarded input sections

 .data          0x00000000        0x0 e:/ideavr/winavr-20100110/bin/../lib/gcc/avr/4.3.3/../../../../avr/lib/avr4/crtm8.o
 .bss           0x00000000        0x0 e:/ideavr/winavr-20100110/bin/../lib/gcc/avr/4.3.3/../../../../avr/lib/avr4/crtm8.o
 .text          0x00000000        0x0 ./atmega.o
 .data          0x00000000        0x0 ./atmega.o
 .bss           0x00000000        0x0 ./atmega.o
 .text          0x00000000        0x0 ./main.o
 .data          0x00000000        0x0 ./main.o
 .bss           0x00000000        0x0 ./main.o
 .text          0x00000000        0x0 ./mcp2515.o
 .data          0x00000000        0x0 ./mcp2515.o
 .bss           0x00000000        0x0 ./mcp2515.o
 .text.mcp2515_readRX
                0x00000000        0x0 ./mcp2515.o
 .text.mcp2515_rts
                0x00000000        0x0 ./mcp2515.o
 .text.mcp2515_reset
                0x00000000        0x0 ./mcp2515.o
 .text.mcp2515_sendMSG
                0x00000000        0x0 ./mcp2515.o
 .text.mcp2515_readMSG
                0x00000000        0x0 ./mcp2515.o
 .text.mcp2515_simpleReadMSG
                0x00000000        0x0 ./mcp2515.o
 .text.mcp2515_setupRX
                0x00000000        0x0 ./mcp2515.o
 .text.mcp2515_readStatus
                0x00000000        0x0 ./mcp2515.o
 .text.mcp2515_bitModify
                0x00000000        0x0 ./mcp2515.o
 .text.mcp2515_setupTX
                0x00000000        0x0 ./mcp2515.o
 .text.mcp2515_simpleLoadMSG
                0x00000000        0x0 ./mcp2515.o
 .text.mcp2515_writeRegister
                0x00000000        0x0 ./mcp2515.o
 .text.mcp2515_readRegister
                0x00000000        0x0 ./mcp2515.o
 .text.mcp2515_setBitTiming
                0x00000000        0x0 ./mcp2515.o
 .text.mcp2515_setCanSpeed
                0x00000000        0x0 ./mcp2515.o
 .text.mcp2515_setMode
                0x00000000        0x0 ./mcp2515.o
 .text.mcp2515_simpleStartup
                0x00000000        0x0 ./mcp2515.o
 .text.mcp2515_errStatus
                0x00000000        0x0 ./mcp2515.o
 .text.mcp2515_intStatus
                0x00000000        0x0 ./mcp2515.o
 .text          0x00000000        0x0 ./spi.o
 .data          0x00000000        0x0 ./spi.o
 .bss           0x00000000        0x0 ./spi.o
 .text._Z11disable_spiv
                0x00000000        0x0 ./spi.o
 .text._Z17received_from_spih
                0x00000000        0x0 ./spi.o
 .text          0x00000000        0x0 e:/ideavr/winavr-20100110/bin/../lib/gcc/avr/4.3.3/avr4\libgcc.a(_exit.o)
 .data          0x00000000        0x0 e:/ideavr/winavr-20100110/bin/../lib/gcc/avr/4.3.3/avr4\libgcc.a(_exit.o)
 .bss           0x00000000        0x0 e:/ideavr/winavr-20100110/bin/../lib/gcc/avr/4.3.3/avr4\libgcc.a(_exit.o)
 .text.libgcc   0x00000000        0x0 e:/ideavr/winavr-20100110/bin/../lib/gcc/avr/4.3.3/avr4\libgcc.a(_exit.o)

Memory Configuration

Name             Origin             Length             Attributes
text             0x00000000         0x00002000         xr
data             0x00800060         0x0000ffa0         rw !x
eeprom           0x00810000         0x00010000         rw !x
fuse             0x00820000         0x00000400         rw !x
lock             0x00830000         0x00000400         rw !x
signature        0x00840000         0x00000400         rw !x
*default*        0x00000000         0xffffffff

Linker script and memory map

LOAD e:/ideavr/winavr-20100110/bin/../lib/gcc/avr/4.3.3/../../../../avr/lib/avr4/crtm8.o
LOAD ./atmega.o
LOAD ./main.o
LOAD ./mcp2515.o
LOAD ./spi.o
LOAD e:/ideavr/winavr-20100110/bin/../lib/gcc/avr/4.3.3/avr4\libgcc.a
LOAD e:/ideavr/winavr-20100110/bin/../lib/gcc/avr/4.3.3/../../../../avr/lib/avr4\libm.a
LOAD e:/ideavr/winavr-20100110/bin/../lib/gcc/avr/4.3.3/avr4\libgcc.a
LOAD e:/ideavr/winavr-20100110/bin/../lib/gcc/avr/4.3.3/../../../../avr/lib/avr4\libc.a
LOAD e:/ideavr/winavr-20100110/bin/../lib/gcc/avr/4.3.3/avr4\libgcc.a

.hash
 *(.hash)

.dynsym
 *(.dynsym)

.dynstr
 *(.dynstr)

.gnu.version
 *(.gnu.version)

.gnu.version_d
 *(.gnu.version_d)

.gnu.version_r
 *(.gnu.version_r)

.rel.init
 *(.rel.init)

.rela.init
 *(.rela.init)

.rel.text
 *(.rel.text)
 *(.rel.text.*)
 *(.rel.gnu.linkonce.t*)

.rela.text
 *(.rela.text)
 *(.rela.text.*)
 *(.rela.gnu.linkonce.t*)

.rel.fini
 *(.rel.fini)

.rela.fini
 *(.rela.fini)

.rel.rodata
 *(.rel.rodata)
 *(.rel.rodata.*)
 *(.rel.gnu.linkonce.r*)

.rela.rodata
 *(.rela.rodata)
 *(.rela.rodata.*)
 *(.rela.gnu.linkonce.r*)

.rel.data
 *(.rel.data)
 *(.rel.data.*)
 *(.rel.gnu.linkonce.d*)

.rela.data
 *(.rela.data)
 *(.rela.data.*)
 *(.rela.gnu.linkonce.d*)

.rel.ctors
 *(.rel.ctors)

.rela.ctors
 *(.rela.ctors)

.rel.dtors
 *(.rel.dtors)

.rela.dtors
 *(.rela.dtors)

.rel.got
 *(.rel.got)

.rela.got
 *(.rela.got)

.rel.bss
 *(.rel.bss)

.rela.bss
 *(.rela.bss)

.rel.plt
 *(.rel.plt)

.rela.plt
 *(.rela.plt)

.text           0x00000000      0x17e
 *(.vectors)
 .vectors       0x00000000       0x26 e:/ideavr/winavr-20100110/bin/../lib/gcc/avr/4.3.3/../../../../avr/lib/avr4/crtm8.o
                0x00000000                __vectors
                0x00000000                __vector_default
 *(.vectors)
 *(.progmem.gcc*)
 *(.progmem*)
                0x00000026                . = ALIGN (0x2)
                0x00000026                __trampolines_start = .
 *(.trampolines)
 .trampolines   0x00000026        0x0 linker stubs
 *(.trampolines*)
                0x00000026                __trampolines_end = .
 *(.jumptables)
 *(.jumptables*)
 *(.lowtext)
 *(.lowtext*)
                0x00000026                __ctors_start = .
 *(.ctors)
                0x00000026                __ctors_end = .
                0x00000026                __dtors_start = .
 *(.dtors)
                0x00000026                __dtors_end = .
 SORT(*)(.ctors)
 SORT(*)(.dtors)
 *(.init0)
 .init0         0x00000026        0x0 e:/ideavr/winavr-20100110/bin/../lib/gcc/avr/4.3.3/../../../../avr/lib/avr4/crtm8.o
                0x00000026                __init
 *(.init0)
 *(.init1)
 *(.init1)
 *(.init2)
 .init2         0x00000026        0xc e:/ideavr/winavr-20100110/bin/../lib/gcc/avr/4.3.3/../../../../avr/lib/avr4/crtm8.o
 *(.init2)
 *(.init3)
 *(.init3)
 *(.init4)
 *(.init4)
 *(.init5)
 *(.init5)
 *(.init6)
 *(.init6)
 *(.init7)
 *(.init7)
 *(.init8)
 *(.init8)
 *(.init9)
 .init9         0x00000032        0x4 e:/ideavr/winavr-20100110/bin/../lib/gcc/avr/4.3.3/../../../../avr/lib/avr4/crtm8.o
 *(.init9)
 *(.text)
 .text          0x00000036        0x2 e:/ideavr/winavr-20100110/bin/../lib/gcc/avr/4.3.3/../../../../avr/lib/avr4/crtm8.o
                0x00000036                __vector_1
                0x00000036                __vector_12
                0x00000036                __bad_interrupt
                0x00000036                __vector_6
                0x00000036                __vector_3
                0x00000036                __vector_11
                0x00000036                __vector_13
                0x00000036                __vector_17
                0x00000036                __vector_7
                0x00000036                __vector_5
                0x00000036                __vector_4
                0x00000036                __vector_9
                0x00000036                __vector_2
                0x00000036                __vector_15
                0x00000036                __vector_8
                0x00000036                __vector_14
                0x00000036                __vector_10
                0x00000036                __vector_16
                0x00000036                __vector_18
                0x00000038                . = ALIGN (0x2)
 *(.text.*)
 .text.main     0x00000038       0x64 ./main.o
                0x00000038                main
 .text.internal_spiChipSelect
                0x0000009c        0xe ./mcp2515.o
 .text.mcp2515_loadMSG
                0x000000aa       0x4a ./mcp2515.o
                0x000000aa                mcp2515_loadMSG
 .text._Z9setup_spihiih
                0x000000f4       0x7c ./spi.o
                0x000000f4                setup_spi(unsigned char, int, int, unsigned char)
 .text._Z8send_spih
                0x00000170        0xa ./spi.o
                0x00000170                send_spi(unsigned char)
                0x0000017a                . = ALIGN (0x2)
 *(.fini9)
 .fini9         0x0000017a        0x0 e:/ideavr/winavr-20100110/bin/../lib/gcc/avr/4.3.3/avr4\libgcc.a(_exit.o)
                0x0000017a                exit
                0x0000017a                _exit
 *(.fini9)
 *(.fini8)
 *(.fini8)
 *(.fini7)
 *(.fini7)
 *(.fini6)
 *(.fini6)
 *(.fini5)
 *(.fini5)
 *(.fini4)
 *(.fini4)
 *(.fini3)
 *(.fini3)
 *(.fini2)
 *(.fini2)
 *(.fini1)
 *(.fini1)
 *(.fini0)
 .fini0         0x0000017a        0x4 e:/ideavr/winavr-20100110/bin/../lib/gcc/avr/4.3.3/avr4\libgcc.a(_exit.o)
 *(.fini0)
                0x0000017e                _etext = .

.data           0x00800060        0x0 load address 0x0000017e
                0x00800060                PROVIDE (__data_start, .)
 *(.data)
 *(.data*)
 *(.rodata)
 *(.rodata*)
 *(.gnu.linkonce.d*)
                0x00800060                . = ALIGN (0x2)
                0x00800060                _edata = .
                0x00800060                PROVIDE (__data_end, .)

.bss            0x00800060        0x0
                0x00800060                PROVIDE (__bss_start, .)
 *(.bss)
 *(.bss*)
 *(COMMON)
                0x00800060                PROVIDE (__bss_end, .)
                0x0000017e                __data_load_start = LOADADDR (.data)
                0x0000017e                __data_load_end = (__data_load_start + SIZEOF (.data))

.noinit         0x00800060        0x0
                0x00800060                PROVIDE (__noinit_start, .)
 *(.noinit*)
                0x00800060                PROVIDE (__noinit_end, .)
                0x00800060                _end = .
                0x00800060                PROVIDE (__heap_start, .)

.eeprom         0x00810000        0x0
 *(.eeprom*)
                0x00810000                __eeprom_end = .

.fuse
 *(.fuse)
 *(.lfuse)
 *(.hfuse)
 *(.efuse)

.lock
 *(.lock*)

.signature
 *(.signature*)

.stab           0x00000000      0xef4
 *(.stab)
 .stab          0x00000000      0x18c ./atmega.o
 .stab          0x0000018c      0x48c ./main.o
                                0x498 (size before relaxing)
 .stab          0x00000618      0x4bc ./mcp2515.o
                                0xe28 (size before relaxing)
 .stab          0x00000ad4      0x420 ./spi.o
                                0x4b0 (size before relaxing)

.stabstr        0x00000000     0x14ce
 *(.stabstr)
 .stabstr       0x00000000     0x14ce ./atmega.o

.stab.excl
 *(.stab.excl)

.stab.exclstr
 *(.stab.exclstr)

.stab.index
 *(.stab.index)

.stab.indexstr
 *(.stab.indexstr)

.comment
 *(.comment)

.debug
 *(.debug)

.line
 *(.line)

.debug_srcinfo
 *(.debug_srcinfo)

.debug_sfnames
 *(.debug_sfnames)

.debug_aranges
 *(.debug_aranges)

.debug_pubnames
 *(.debug_pubnames)

.debug_info
 *(.debug_info)
 *(.gnu.linkonce.wi.*)

.debug_abbrev
 *(.debug_abbrev)

.debug_line
 *(.debug_line)

.debug_frame
 *(.debug_frame)

.debug_str
 *(.debug_str)

.debug_loc
 *(.debug_loc)

.debug_macinfo
 *(.debug_macinfo)
OUTPUT(CanHacker.elf elf32-avr)
LOAD linker stubs

Cross Reference Table

Symbol                                            File
__bad_interrupt                                   e:/ideavr/winavr-20100110/bin/../lib/gcc/avr/4.3.3/../../../../avr/lib/avr4/crtm8.o
__heap_end                                        e:/ideavr/winavr-20100110/bin/../lib/gcc/avr/4.3.3/../../../../avr/lib/avr4/crtm8.o
__init                                            e:/ideavr/winavr-20100110/bin/../lib/gcc/avr/4.3.3/../../../../avr/lib/avr4/crtm8.o
__stack                                           e:/ideavr/winavr-20100110/bin/../lib/gcc/avr/4.3.3/../../../../avr/lib/avr4/crtm8.o
__vector_1                                        e:/ideavr/winavr-20100110/bin/../lib/gcc/avr/4.3.3/../../../../avr/lib/avr4/crtm8.o
__vector_10                                       e:/ideavr/winavr-20100110/bin/../lib/gcc/avr/4.3.3/../../../../avr/lib/avr4/crtm8.o
__vector_11                                       e:/ideavr/winavr-20100110/bin/../lib/gcc/avr/4.3.3/../../../../avr/lib/avr4/crtm8.o
__vector_12                                       e:/ideavr/winavr-20100110/bin/../lib/gcc/avr/4.3.3/../../../../avr/lib/avr4/crtm8.o
__vector_13                                       e:/ideavr/winavr-20100110/bin/../lib/gcc/avr/4.3.3/../../../../avr/lib/avr4/crtm8.o
__vector_14                                       e:/ideavr/winavr-20100110/bin/../lib/gcc/avr/4.3.3/../../../../avr/lib/avr4/crtm8.o
__vector_15                                       e:/ideavr/winavr-20100110/bin/../lib/gcc/avr/4.3.3/../../../../avr/lib/avr4/crtm8.o
__vector_16                                       e:/ideavr/winavr-20100110/bin/../lib/gcc/avr/4.3.3/../../../../avr/lib/avr4/crtm8.o
__vector_17                                       e:/ideavr/winavr-20100110/bin/../lib/gcc/avr/4.3.3/../../../../avr/lib/avr4/crtm8.o
__vector_18                                       e:/ideavr/winavr-20100110/bin/../lib/gcc/avr/4.3.3/../../../../avr/lib/avr4/crtm8.o
__vector_2                                        e:/ideavr/winavr-20100110/bin/../lib/gcc/avr/4.3.3/../../../../avr/lib/avr4/crtm8.o
__vector_3                                        e:/ideavr/winavr-20100110/bin/../lib/gcc/avr/4.3.3/../../../../avr/lib/avr4/crtm8.o
__vector_4                                        e:/ideavr/winavr-20100110/bin/../lib/gcc/avr/4.3.3/../../../../avr/lib/avr4/crtm8.o
__vector_5                                        e:/ideavr/winavr-20100110/bin/../lib/gcc/avr/4.3.3/../../../../avr/lib/avr4/crtm8.o
__vector_6                                        e:/ideavr/winavr-20100110/bin/../lib/gcc/avr/4.3.3/../../../../avr/lib/avr4/crtm8.o
__vector_7                                        e:/ideavr/winavr-20100110/bin/../lib/gcc/avr/4.3.3/../../../../avr/lib/avr4/crtm8.o
__vector_8                                        e:/ideavr/winavr-20100110/bin/../lib/gcc/avr/4.3.3/../../../../avr/lib/avr4/crtm8.o
__vector_9                                        e:/ideavr/winavr-20100110/bin/../lib/gcc/avr/4.3.3/../../../../avr/lib/avr4/crtm8.o
__vector_default                                  e:/ideavr/winavr-20100110/bin/../lib/gcc/avr/4.3.3/../../../../avr/lib/avr4/crtm8.o
__vectors                                         e:/ideavr/winavr-20100110/bin/../lib/gcc/avr/4.3.3/../../../../avr/lib/avr4/crtm8.o
_exit                                             e:/ideavr/winavr-20100110/bin/../lib/gcc/avr/4.3.3/avr4\libgcc.a(_exit.o)
disable_spi()                                     ./spi.o
exit                                              e:/ideavr/winavr-20100110/bin/../lib/gcc/avr/4.3.3/avr4\libgcc.a(_exit.o)
                                                  e:/ideavr/winavr-20100110/bin/../lib/gcc/avr/4.3.3/../../../../avr/lib/avr4/crtm8.o
main                                              ./main.o
                                                  e:/ideavr/winavr-20100110/bin/../lib/gcc/avr/4.3.3/../../../../avr/lib/avr4/crtm8.o
mcp2515_bitModify                                 ./mcp2515.o
mcp2515_errStatus                                 ./mcp2515.o
mcp2515_intStatus                                 ./mcp2515.o
mcp2515_loadMSG                                   ./mcp2515.o
                                                  ./main.o
mcp2515_readMSG                                   ./mcp2515.o
mcp2515_readRX                                    ./mcp2515.o
mcp2515_readRegister                              ./mcp2515.o
mcp2515_readStatus                                ./mcp2515.o
mcp2515_reset                                     ./mcp2515.o
mcp2515_rts                                       ./mcp2515.o
mcp2515_sendMSG                                   ./mcp2515.o
mcp2515_setBitTiming                              ./mcp2515.o
mcp2515_setCanSpeed                               ./mcp2515.o
mcp2515_setMode                                   ./mcp2515.o
mcp2515_setupRX                                   ./mcp2515.o
mcp2515_setupTX                                   ./mcp2515.o
mcp2515_simpleLoadMSG                             ./mcp2515.o
mcp2515_simpleReadMSG                             ./mcp2515.o
mcp2515_simpleStartup                             ./mcp2515.o
mcp2515_writeRegister                             ./mcp2515.o
received_from_spi(unsigned char)                  ./spi.o
send_spi(unsigned char)                           ./spi.o
                                                  ./mcp2515.o
                                                  ./main.o
setup_spi(unsigned char, int, int, unsigned char) ./spi.o
                                                  ./main.o
